../Core/Src/main.c:143:1:__io_putchar	16	static
../Core/Src/main.c:149:6:microDelay	16	static
../Core/Src/main.c:155:9:DHT11_Start	32	static
../Core/Src/main.c:186:9:DHT11_Read	16	static
../Core/Src/main.c:212:6:DHT11_Data	8	static
../Core/Src/main.c:239:5:main	176	static
../Core/Src/main.c:516:6:SystemClock_Config	88	static
../Core/Src/main.c:563:6:HAL_TIM_PeriodElapsedCallback	104	static
../Core/Src/main.c:704:6:HAL_GPIO_EXTI_Callback	16	static
../Core/Src/main.c:803:6:sendResponse	16	static
../Core/Src/main.c:813:14:validate_frame	24	static
../Core/Src/main.c:864:6:ResponseCallBack	24	static
../Core/Src/main.c:941:9:GetUltrasonicData	16	static
../Core/Src/main.c:956:9:GetBMM150MagnetoMeterData	4	static
../Core/Src/main.c:961:9:GetTemperatureData	4	static
../Core/Src/main.c:967:9:GetIMUData	4	static
../Core/Src/main.c:972:9:GetProximityData	4	static
../Core/Src/main.c:978:9:GetWheelEncoderData	4	static
../Core/Src/main.c:984:9:GetLimitSwitchData	4	static
../Core/Src/main.c:989:9:GetLEDStripData	4	static
../Core/Src/main.c:994:6:LeftMotor_forward	8	static
../Core/Src/main.c:998:6:LeftMotor_reverse	8	static
../Core/Src/main.c:1002:6:RightMotor_forward	8	static
../Core/Src/main.c:1006:6:RightMotor_reverse	8	static
../Core/Src/main.c:1018:6:Error_Handler	4	static,ignoring_inline_asm
