../Core/Src/rgb.c:18:6:HAL_TIM_PWM_PulseFinishedCallback	16	static
../Core/Src/rgb.c:24:6:Set_LED	24	static
../Core/Src/rgb.c:32:6:Set_RGB_Red	8	static
../Core/Src/rgb.c:43:6:Set_RGB_Green	8	static
../Core/Src/rgb.c:54:6:Set_RGB_Yellow	8	static
../Core/Src/rgb.c:66:6:Set_Brightness	16	static
../Core/Src/rgb.c:86:6:WS2812_Send	32	static
../Core/Src/rgb.c:125:6:Reset_LED	16	static
../Core/Src/rgb.c:137:9:rainbow_effect_left	40	static
../Core/Src/rgb.c:172:9:rainbow_effect_right	40	static
